// Jest Snapshot v1, https://goo.gl/fbAQLP

exports[`getFormattedCoverage should match snapshots 1`] = `
"| Team  | Statements covered | Branches Covered | Functions covered | Lines Covered     |
| ----- | ------------------ | ---------------- | ----------------- | ----------------- |
| Total | 27/33 (81.82% 🟢)  | 8/8 (100% 🟢)    | 7/11 (63.64% 🟡)  | 25/31 (80.65% 🟢) |

"
`;
